#-----------------------------------------------------------
# Vivado v2023.1 (64-bit)
# SW Build 3865809 on Sun May  7 15:04:56 MDT 2023
# IP Build 3864474 on Sun May  7 20:36:21 MDT 2023
# SharedData Build 3865790 on Sun May 07 13:33:03 MDT 2023
# Start of session at: Sat Apr 19 21:32:00 2025
# Process ID: 25957
# Current directory: /home/mg/Documents/my-projects/custom-axi-interface-zynq-peripherals-for-newbie/000-axi-slave-lite-without-io/hardware/ip_repo/edit_axi-adder_v1_0.runs/synth_1
# Command line: vivado -log axi.vds -product Vivado -mode batch -messageDb vivado.pb -notrace -source axi.tcl
# Log file: /home/mg/Documents/my-projects/custom-axi-interface-zynq-peripherals-for-newbie/000-axi-slave-lite-without-io/hardware/ip_repo/edit_axi-adder_v1_0.runs/synth_1/axi.vds
# Journal file: /home/mg/Documents/my-projects/custom-axi-interface-zynq-peripherals-for-newbie/000-axi-slave-lite-without-io/hardware/ip_repo/edit_axi-adder_v1_0.runs/synth_1/vivado.jou
# Running On: mg, OS: Linux, CPU Frequency: 3767.952 MHz, CPU Physical cores: 4, Host memory: 33261 MB
#-----------------------------------------------------------
source axi.tcl -notrace
